0.676: [GC 34944K->7409K(126720K), 0.0092320 secs]
1.145: [GC 42353K->13165K(126720K), 0.0184260 secs]
1.610: [GC 48109K->15683K(126720K), 0.0082060 secs]
2.135: [GC 50627K->18852K(126720K), 0.0088400 secs]
2.408: [GC 53796K->33363K(126720K), 0.0142160 secs]
2.483: [GC 68307K->49575K(126720K), 0.0126520 secs]
2.496: [GC 49577K(126720K), 0.0025480 secs]
2.600: [GC 84519K->65216K(126720K), 0.0120390 secs]
2.670: [GC 100160K->80974K(126720K), 0.0094790 secs]
2.738: [GC 115918K->96737K(132480K), 0.0077890 secs]
2.799: [GC 131681K->112932K(148608K), 0.0077900 secs]
2.864: [GC 147876K->128983K(164736K), 0.0075040 secs]
2.958: [GC 163927K->142926K(178560K), 0.0073550 secs]
3.030: [GC 177870K->156870K(192576K), 0.0070890 secs]
3.098: [GC 191814K->170749K(206400K), 0.0071510 secs]
3.198: [GC 205693K->184523K(220032K), 0.0099210 secs]
3.478: [GC 209677K(220032K), 0.0125130 secs]
3.586: [GC 209212K(322492K), 0.0184950 secs]
3.614: [GC 209212K->179819K(322492K), 0.0114170 secs]
3.821: [GC 197527K(322492K), 0.0082700 secs]
3.944: [GC 211300K->180823K(325972K), 0.0127720 secs]
4.078: [GC 215767K->182747K(325972K), 0.0160380 secs]
4.220: [GC 217691K->184025K(325972K), 0.0129610 secs]
4.434: [GC 218969K->186983K(325972K), 0.0140270 secs]
4.640: [GC 221927K->187435K(325972K), 0.0122260 secs]
4.907: [GC 222379K->190390K(325972K), 0.0102580 secs]
4.998: [GC 225334K->204315K(325972K), 0.0124720 secs]
5.073: [GC 239259K->219198K(325972K), 0.0106240 secs]
5.084: [GC 219202K(325972K), 0.0017870 secs]
5.238: [GC 254142K->228253K(325972K), 0.0133190 secs]
5.316: [GC 263197K->241474K(325972K), 0.0114610 secs]
5.381: [GC 276418K->257787K(325972K), 0.0111810 secs]
5.442: [GC 292731K->273660K(325972K), 0.0098930 secs]
5.504: [GC 308604K->289390K(325972K), 0.0099770 secs]
5.563: [GC 324334K->305049K(340564K), 0.0094430 secs]
5.627: [GC 339993K->321203K(356692K), 0.0097810 secs]
5.686: [GC 356147K->337207K(372820K), 0.0093900 secs]
5.757: [GC 372151K->352506K(387988K), 0.0115560 secs]
5.825: [GC 387450K->367485K(402964K), 0.0118640 secs]
5.915: [GC 402429K->383285K(418708K), 0.0124690 secs]
5.985: [GC 418229K->398418K(433876K), 0.0120610 secs]
6.047: [GC 433362K->413758K(449236K), 0.0125240 secs]
6.131: [GC 448702K->426699K(462292K), 0.0127370 secs]
6.221: [GC 461643K->434094K(469588K), 0.0098730 secs]
6.304: [GC 469038K->448090K(483796K), 0.0110660 secs]
6.360: [GC 470977K(483796K), 0.0045770 secs]
6.384: [GC 477569K->455505K(492052K), 0.0099590 secs]
6.440: [GC 488661K->468703K(788240K), 0.0098960 secs]
6.497: [GC 503647K->484899K(788240K), 0.0098200 secs]
6.507: [GC 485580K(788240K), 0.0011860 secs]
6.558: [GC 519843K->501111K(788240K), 0.0090350 secs]
6.614: [GC 536055K->517303K(788240K), 0.0088930 secs]
6.677: [GC 552247K->533204K(788240K), 0.0090300 secs]
6.733: [GC 568148K->549527K(788240K), 0.0087130 secs]
6.799: [GC 584471K->564272K(788240K), 0.0089520 secs]
6.870: [GC 599216K->577993K(788240K), 0.0124640 secs]
6.956: [GC 612927K->590164K(788240K), 0.0137650 secs]
7.021: [GC 625108K->605653K(788240K), 0.0102700 secs]
7.032: [GC 606350K(788240K), 0.0030840 secs]
7.083: [GC 636952K->617530K(1035392K), 0.0092290 secs]
7.140: [GC 652474K->632920K(1035392K), 0.0092850 secs]
7.198: [GC 667864K->648396K(1035392K), 0.0090930 secs]
7.261: [GC 683340K->663763K(1035392K), 0.0089090 secs]
7.319: [GC 698707K->679109K(1035392K), 0.0085310 secs]
7.379: [GC 714053K->693904K(1035392K), 0.0085110 secs]
7.443: [GC 728848K->708130K(1035392K), 0.0108060 secs]
7.533: [GC 743074K->715329K(1035392K), 0.0089260 secs]
7.602: [GC 750273K->729360K(1035392K), 0.0120390 secs]
7.673: [GC 764304K->742757K(1035392K), 0.0110170 secs]
7.746: [GC 777701K->755935K(1035392K), 0.0113150 secs]
7.821: [GC 790879K->768435K(1035392K), 0.0131720 secs]
7.889: [GC 803379K->782670K(1035392K), 0.0125630 secs]
7.953: [GC 817614K->797256K(1035392K), 0.0107900 secs]
7.964: [GC 797957K(1035392K), 0.0015260 secs]
8.023: [GC 832200K->812760K(1035392K), 0.0117770 secs]
8.093: [GC 847704K->825743K(1035392K), 0.0131890 secs]
8.154: [GC 860687K->841956K(1035392K), 0.0109810 secs]
8.211: [GC 876900K->858281K(1035392K), 0.0090370 secs]
8.266: [GC 893225K->874491K(1035392K), 0.0090470 secs]
8.321: [GC 909435K->890722K(1035392K), 0.0087790 secs]
8.380: [GC 925666K->907053K(1035392K), 0.0089330 secs]
8.435: [GC 941997K->923251K(1035392K), 0.0090550 secs]
8.498: [GC 958195K->936752K(1035392K), 0.0113350 secs]
8.562: [GC 971696K->952646K(1035392K), 0.0109190 secs]
8.619: [GC 987590K->969012K(1035392K), 0.0104160 secs]
8.675: [GC 1003956K->985223K(1035392K), 0.0092400 secs]
8.730: [GC 1020167K->1001497K(1036928K), 0.0094180 secs]
8.790: [GC 1036441K->1017788K(1053248K), 0.0097720 secs]
8.846: [GC 1052732K->1034029K(1069568K), 0.0092820 secs]
8.909: [GC 1068973K->1049355K(1084736K), 0.0096480 secs]
8.971: [GC 1084299K->1064389K(1099712K), 0.0124230 secs]
9.043: [GC 1099333K->1078316K(1113728K), 0.0111510 secs]
9.110: [GC 1113260K->1092264K(1127744K), 0.0108320 secs]
9.180: [GC 1127208K->1106191K(1141568K), 0.0100080 secs]
9.248: [GC 1141135K->1119359K(1154816K), 0.0091000 secs]
9.322: [GC 1154303K->1130911K(1166336K), 0.0121960 secs]
9.385: [GC 1165855K->1146883K(1182272K), 0.0127610 secs]
9.456: [GC 1181827K->1160714K(1196288K), 0.0106620 secs]
9.524: [GC 1195658K->1174588K(1209920K), 0.0101980 secs]
9.591: [GC 1209532K->1188483K(1223936K), 0.0097290 secs]
9.662: [GC 1223427K->1201521K(1236800K), 0.0105680 secs]
9.731: [GC 1236465K->1215317K(1250816K), 0.0134270 secs]
9.808: [GC 1250261K->1229819K(1265216K), 0.0131610 secs]
9.902: [GC 1249947K(1265216K), 0.0069180 secs]
10.021: [GC 1259172K->1229649K(2072424K), 0.0115620 secs]
10.157: [GC 1264593K->1233315K(2072424K), 0.0128540 secs]
10.703: [GC 1268259K->1234353K(2072424K), 0.0112100 secs]
10.832: [GC 1269297K->1235472K(2072424K), 0.0114510 secs]
10.960: [GC 1270416K->1236490K(2072424K), 0.0092420 secs]
11.326: [GC 1271434K->1238684K(2072424K), 0.0147530 secs]
11.584: [GC 1273628K->1240428K(2072424K), 0.0162370 secs]
11.654: [GC 1275372K->1240387K(2072424K), 0.0098540 secs]
11.712: [GC 1275331K->1240236K(2072424K), 0.0076070 secs]
11.768: [GC 1275180K->1240024K(2072424K), 0.0075190 secs]
11.823: [GC 1274968K->1240977K(2072424K), 0.0076480 secs]
11.877: [GC 1275921K->1239863K(2072424K), 0.0075500 secs]
11.930: [GC 1274807K->1240327K(2072424K), 0.0076040 secs]
12.089: [GC 1275271K->1240842K(2072424K), 0.0080680 secs]
12.203: [GC 1275786K->1240283K(2072424K), 0.0081670 secs]
12.268: [GC 1275227K->1240389K(2072424K), 0.0084460 secs]
12.329: [GC 1275333K->1240612K(2072424K), 0.0084490 secs]
12.388: [GC 1275556K->1240977K(2072424K), 0.0085230 secs]
12.447: [GC 1275921K->1240737K(2072424K), 0.0087730 secs]
12.508: [GC 1275681K->1241391K(2072424K), 0.0092700 secs]
12.568: [GC 1276335K->1240763K(2072424K), 0.0093070 secs]
12.630: [GC 1275707K->1240195K(2072424K), 0.0076500 secs]
12.688: [GC 1275139K->1240639K(2072424K), 0.0077700 secs]
12.748: [GC 1275583K->1240918K(2072424K), 0.0067430 secs]
12.807: [GC 1275862K->1240747K(2072424K), 0.0067290 secs]
12.863: [GC 1275691K->1240753K(2072424K), 0.0067740 secs]
12.919: [GC 1275697K->1240914K(2072424K), 0.0067340 secs]
12.975: [GC 1275858K->1241212K(2072424K), 0.0066820 secs]
13.029: [GC 1276156K->1241046K(2072424K), 0.0068000 secs]
13.084: [GC 1275990K->1241122K(2072424K), 0.0071140 secs]
13.138: [GC 1276066K->1241190K(2072424K), 0.0071650 secs]
13.194: [GC 1276134K->1241206K(2072424K), 0.0068700 secs]
13.248: [GC 1276150K->1241327K(2072424K), 0.0072020 secs]
13.304: [GC 1276271K->1241637K(2072424K), 0.0071030 secs]
13.360: [GC 1276581K->1241329K(2072424K), 0.0068480 secs]
13.413: [GC 1276273K->1241984K(2072424K), 0.0065690 secs]
13.467: [GC 1276928K->1241714K(2072424K), 0.0069930 secs]
13.520: [GC 1276658K->1241567K(2072424K), 0.0065330 secs]
13.573: [GC 1276511K->1242253K(2072424K), 0.0066290 secs]
13.627: [GC 1277197K->1241631K(2072424K), 0.0065480 secs]
13.681: [GC 1276575K->1241904K(2072424K), 0.0066780 secs]
13.736: [GC 1276848K->1241786K(2072424K), 0.0069760 secs]
13.789: [GC 1276730K->1242068K(2072424K), 0.0074260 secs]
13.848: [GC 1277012K->1242263K(2072424K), 0.0074880 secs]
13.904: [GC 1277207K->1242187K(2072424K), 0.0071990 secs]
13.957: [GC 1277131K->1242284K(2072424K), 0.0075470 secs]
14.017: [GC 1277228K->1242612K(2072424K), 0.0065980 secs]
14.074: [GC 1277556K->1242298K(2072424K), 0.0066840 secs]
14.129: [GC 1277242K->1242556K(2072424K), 0.0069740 secs]
14.179: [GC 1277500K->1243056K(2072424K), 0.0065190 secs]
14.227: [GC 1278000K->1243350K(2072424K), 0.0066470 secs]
14.276: [GC 1278294K->1242922K(2072424K), 0.0064950 secs]
14.324: [GC 1277866K->1243765K(2072424K), 0.0066060 secs]
14.377: [GC 1278709K->1243016K(2072424K), 0.0064590 secs]
14.428: [GC 1277960K->1243376K(2072424K), 0.0066980 secs]
14.478: [GC 1278320K->1243153K(2072424K), 0.0065880 secs]
14.527: [GC 1278097K->1243997K(2072424K), 0.0066490 secs]
14.579: [GC 1278941K->1243560K(2072424K), 0.0067530 secs]
14.630: [GC 1278504K->1243478K(2072424K), 0.0068760 secs]
14.681: [GC 1278422K->1243721K(2072424K), 0.0068160 secs]
14.731: [GC 1278665K->1244140K(2072424K), 0.0070110 secs]
14.944: [GC 1279084K->1245630K(2072424K), 0.0098930 secs]
15.692: [GC 1280574K->1245768K(2072424K), 0.0107760 secs]
16.117: [GC 1280712K->1247076K(2072424K), 0.0138070 secs]
16.611: [GC 1282020K->1254176K(2072424K), 0.0254390 secs]
17.999: [GC 1289121K->1255384K(2072424K), 0.0213680 secs]
19.156: [GC 1290328K->1256713K(2072424K), 0.0160970 secs]
20.158: [GC 1291657K->1265308K(2072424K), 0.0187730 secs]
21.123: [GC 1300252K->1275449K(2072424K), 0.0239760 secs]
22.308: [GC 1310393K->1280964K(2072424K), 0.0206100 secs]
23.724: [GC 1315908K->1282036K(2072424K), 0.0134800 secs]
24.858: [GC 1316980K->1285840K(2072424K), 0.0169620 secs]
25.278: [GC 1320784K->1298766K(2072424K), 0.0202830 secs]
26.600: [GC 1333703K->1300814K(2072424K), 0.0142530 secs]
27.904: [GC 1335758K->1302260K(2072424K), 0.0110450 secs]
29.306: [GC 1337204K->1301473K(2072424K), 0.0084820 secs]
30.305: [GC 1336417K->1309454K(2072424K), 0.0231860 secs]
31.656: [GC 1344398K->1310828K(2072424K), 0.0138860 secs]
33.004: [GC 1345772K->1313533K(2072424K), 0.0136220 secs]
33.974: [GC 1348477K->1322200K(2072424K), 0.0224390 secs]
34.852: [GC 1357144K->1334547K(2072424K), 0.0264270 secs]
36.051: [GC 1369491K->1338991K(2072424K), 0.0191300 secs]
37.215: [GC 1373935K->1339276K(2072424K), 0.0112160 secs]
37.951: [GC 1374220K->1342443K(2072424K), 0.0150460 secs]
39.260: [GC 1377387K->1342694K(2072424K), 0.0116960 secs]
40.753: [GC 1377638K->1343239K(2072424K), 0.0133570 secs]
42.001: [GC 1378183K->1346508K(2072424K), 0.0198030 secs]
43.246: [GC 1381452K->1350577K(2072424K), 0.0196960 secs]
44.701: [GC 1385521K->1351743K(2072424K), 0.0125310 secs]
45.902: [GC 1386687K->1351751K(2072424K), 0.0141230 secs]
47.364: [GC 1386695K->1351755K(2072424K), 0.0098640 secs]
48.941: [GC 1386699K->1351411K(2072424K), 0.0095720 secs]
50.402: [GC 1386355K->1351296K(2072424K), 0.0098490 secs]
51.819: [GC 1386240K->1351396K(2072424K), 0.0096690 secs]
53.305: [GC 1386340K->1350986K(2072424K), 0.0091270 secs]
54.857: [GC 1385930K->1351403K(2072424K), 0.0096070 secs]
56.335: [GC 1386347K->1351765K(2072424K), 0.0103200 secs]
57.901: [GC 1386709K->1350907K(2072424K), 0.0103200 secs]
59.357: [GC 1385851K->1351776K(2072424K), 0.0097830 secs]
60.902: [GC 1386720K->1350696K(2072424K), 0.0098040 secs]
62.379: [GC 1385640K->1351022K(2072424K), 0.0100120 secs]
63.534: [GC 1385966K->1351421K(2072424K), 0.0102200 secs]
65.002: [GC 1386365K->1350518K(2072424K), 0.0089190 secs]
66.218: [GC 1385462K->1350302K(2072424K), 0.0073310 secs]
67.008: [GC 1385246K->1350196K(2072424K), 0.0073500 secs]
68.556: [GC 1385140K->1350355K(2072424K), 0.0069660 secs]
70.035: [GC 1385299K->1350299K(2072424K), 0.0074090 secs]
71.563: [GC 1385243K->1350296K(2072424K), 0.0069680 secs]
72.861: [GC 1385240K->1352759K(2072424K), 0.0106850 secs]
72.958: [GC 1387703K->1370118K(2072424K), 0.0482620 secs]
73.502: [GC 1405062K->1373966K(2072424K), 0.0138930 secs]
74.088: [GC 1408910K->1371155K(2072424K), 0.0067450 secs]
74.677: [GC 1406099K->1370742K(2072424K), 0.0069120 secs]
75.264: [GC 1405686K->1370707K(2072424K), 0.0082330 secs]
75.849: [GC 1405651K->1370982K(2072424K), 0.0091750 secs]
76.436: [GC 1405926K->1371109K(2072424K), 0.0082480 secs]
77.028: [GC 1406053K->1371157K(2072424K), 0.0084080 secs]
77.627: [GC 1406101K->1371498K(2072424K), 0.0101520 secs]
78.198: [GC 1406442K->1371739K(2072424K), 0.0104430 secs]
78.769: [GC 1406683K->1371775K(2072424K), 0.0095850 secs]
79.438: [GC 1406719K->1371894K(2072424K), 0.0097070 secs]
80.275: [GC 1406838K->1372514K(2072424K), 0.0107310 secs]
